
> authora@0.1.0 test
> node --experimental-vm-modules node_modules/jest/bin/jest.js --testTimeout=60000

FAIL x402-mcp-stellar/src/stellar/signer.test.ts
  ● Test suite failed to run

    Cannot find module 'test' from 'x402-mcp-stellar/src/stellar/signer.test.ts'

      at Resolver._throwModNotFoundError (node_modules/jest-resolve/build/index.js:863:11)

FAIL x402-mcp-stellar/src/stellar/utils.test.ts
  ● Test suite failed to run

    Cannot find module 'test' from 'x402-mcp-stellar/src/stellar/utils.test.ts'

      at Resolver._throwModNotFoundError (node_modules/jest-resolve/build/index.js:863:11)

FAIL x402-mcp-stellar/src/stellar/exact/facilitator/scheme.test.ts
  ● Test suite failed to run

    Cannot find module 'test' from 'x402-mcp-stellar/src/stellar/exact/facilitator/scheme.test.ts'

      at Resolver._throwModNotFoundError (node_modules/jest-resolve/build/index.js:863:11)

(node:9740) ExperimentalWarning: VM Modules is an experimental feature and might change at any time
(Use `node --trace-warnings ...` to show where the warning was created)
FAIL x402-mcp-stellar/src/stellar/exact/server/scheme.test.ts
  ● Test suite failed to run

    Cannot find module 'test' from 'x402-mcp-stellar/src/stellar/exact/server/scheme.test.ts'

      at Resolver._throwModNotFoundError (node_modules/jest-resolve/build/index.js:863:11)

(node:26288) ExperimentalWarning: VM Modules is an experimental feature and might change at any time
(Use `node --trace-warnings ...` to show where the warning was created)

ReferenceError: You are trying to `import` a file after the Jest environment has been torn down. From x402-mcp-stellar/src/stellar/signer.test.ts.

ReferenceError: You are trying to `import` a file after the Jest environment has been torn down. From x402-mcp-stellar/src/stellar/utils.test.ts.
(node:25152) ExperimentalWarning: VM Modules is an experimental feature and might change at any time
(Use `node --trace-warnings ...` to show where the warning was created)
(node:1784) ExperimentalWarning: VM Modules is an experimental feature and might change at any time
(Use `node --trace-warnings ...` to show where the warning was created)
(node:25692) ExperimentalWarning: VM Modules is an experimental feature and might change at any time
(Use `node --trace-warnings ...` to show where the warning was created)
FAIL tests/integration.test.ts
  ● Authora — Stellar Registry Integration Flow › 2. Can register a service

    Stellar simulation failed: HostError: Error(Value, UnexpectedType)

    Event log (newest first):
       0: [Diagnostic Event] contract:CAH62PSPXNCIGD5F5IWOZEG2QY2ABPMTFFAZXURDGYRXT3AHL725GQ7X, topics:[error, Error(Value, UnexpectedType)], data:"escalating error to VM trap from failed host function call: map_unpack_to_linear_memory"
       1: [Diagnostic Event] topics:[fn_call, CAH62PSPXNCIGD5F5IWOZEG2QY2ABPMTFFAZXURDGYRXT3AHL725GQ7X, register_service], data:[GAIDBQMDGEEGJF6WQ6VJMRLBVUMPDWD724TUCGTPRBQ4UFMSN766C4FO, {"description": "Automated test entry", "input_schema": "{"type":"object","properties":{"q":{"type":"string"}}}", "name": "Integration Test Service", "output_schema": "{"type":"object","properties":{"r":{"type":"string"}}}", "owner": "GAIDBQMDGEEGJF6WQ6VJMRLBVUMPDWD724TUCGTPRBQ4UFMSN766C4FO", "price_usdc": 10000, "total_payments": 0, "url": "https://test-1775558050301.example.com/api", "verified": false}]

    [0m [90m  7 |[39m   }
     [90m  8 |[39m   [36mif[39m ([33mApi[39m[33m.[39misSimulationError(simulation)) {
    [31m[1m>[22m[39m[90m  9 |[39m     [36mthrow[39m [36mnew[39m [33mError[39m([32m`Stellar simulation failed: ${simulation.error}`[39m)[33m;[39m
     [90m    |[39m           [31m[1m^[22m[39m
     [90m 10 |[39m   }
     [90m 11 |[39m }
     [90m 12 |[39m[0m

      at handleSimulationResult (src/stellar/shared.ts:9:11)
      at AuthoraRegistryClient.registerService (src/registry/registry-client.ts:75:5)
      at Object.<anonymous> (tests/integration.test.ts:34:20)

  ● Authora — Stellar Registry Integration Flow › 3. list_services returns registered services

    expect(received).toBeGreaterThan(expected)

    Expected: > 0
    Received:   0

    [0m [90m 53 |[39m     [36mconst[39m services [33m=[39m [36mawait[39m client[33m.[39mlistServices({ rpcUrl[33m,[39m contractId[33m,[39m offset[33m:[39m [35m0[39m[33m,[39m limit[33m:[39m [35m10[39m })[33m;[39m
     [90m 54 |[39m     expect([33mArray[39m[33m.[39misArray(services))[33m.[39mtoBe([36mtrue[39m)[33m;[39m
    [31m[1m>[22m[39m[90m 55 |[39m     expect(services[33m.[39mlength)[33m.[39mtoBeGreaterThan([35m0[39m)[33m;[39m
     [90m    |[39m                             [31m[1m^[22m[39m
     [90m 56 |[39m   })[33m;[39m
     [90m 57 |[39m
     [90m 58 |[39m   test([32m"4. generateMCPManifest produces valid tool definitions"[39m[33m,[39m () [33m=>[39m {[0m

      at Object.<anonymous> (tests/integration.test.ts:55:29)

Test Suites: 5 failed, 5 total
Tests:       2 failed, 1 skipped, 2 passed, 5 total
Snapshots:   0 total
Time:        4.067 s
Ran all test suites.
